// Jest Snapshot v1, https://goo.gl/fbAQLP

exports[`Pruebas en GifGrid debe tener un snapshot 1`] = `
<Fragment>
  <h3
    className="animate__fadeIn"
  >
    Dragon Ball
  </h3>
  <p>
    Loading
  </p>
  <div
    className="card-grid"
  />
</Fragment>
`;
